head	1.1;
access;
symbols;
locks;
comment	@# @;


1.1
date	2015.02.11.21.16.17;	author -;	state -;
branches;
next	;


desc
@@


1.1
log
@-
@
text
@# $Id$
# Author: Kevin Cai (kcai2@@ucsc.edu)

Script started on Tue 10 Feb 2015 03:15:25 PM PST
[?1034hbash-4.1$ gdb list2
[?1034hGNU gdb (GDB) Red Hat Enterprise Linux 7.6.1-47.el6
Copyright (C) 2013 Free Software Foundation, Inc.
License GPLv3+: GNU GPL version 3 or later <http://gnu.org/licenses/gpl.html>
This is free software: you are free to change and redistribute it.
There is NO WARRANTY, to the extent permitted by law.  Type "show copying"
and "show warranty" for details.
This GDB was configured as "x86_64-redhat-linux-gnu".
For bug reporting instructions, please see:
<http://www.gnu.org/software/gdb/bugs/>...
Reading symbols from /afs/cats.ucsc.edu/users/v/kcai2/private/cmps012m/lab5/list2...done.
(gdb) break main
Breakpoint 1 at 0x4005bf: file list2.c, line 15.
(gdb) run foo bar
Starting program: /afs/cats.ucsc.edu/users/v/kcai2/private/cmps012m/lab5/list2 foo bar
warning: the debug information found in "/usr/lib/debug//lib64/ld-2.12.so.debug" does not match "/lib64/ld-linux-x86-64.so.2" (CRC mismatch).

warning: the debug information found in "/usr/lib/debug/lib64/ld-2.12.so.debug" does not match "/lib64/ld-linux-x86-64.so.2" (CRC mismatch).

warning: the debug information found in "/usr/lib/debug//lib64/libm-2.12.so.debug" does not match "/lib64/libm.so.6" (CRC mismatch).

warning: the debug information found in "/usr/lib/debug/lib64/libm-2.12.so.debug" does not match "/lib64/libm.so.6" (CRC mismatch).

warning: the debug information found in "/usr/lib/debug//lib64/libc-2.12.so.debug" does not match "/lib64/libc.so.6" (CRC mismatch).

warning: the debug information found in "/usr/lib/debug/lib64/libc-2.12.so.debug" does not match "/lib64/libc.so.6" (CRC mismatch).


Breakpoint 1, main (argc=3, argv=0x7fffffffe0e8) at list2.c:15
15	   for (int argi = 0; argi < 5; ++argi) {
Missing separate debuginfos, use: debuginfo-install glibc-2.12-1.149.el6_6.5.x86_64
(gdb) print arv[Kgc
$1 = 3
(gdb) print argv
$2 = (char **) 0x7fffffffe0e8
(gdb) pring argv[0]
Undefined command: "pring".  Try "help".
(gdb) print argv[1[[K]
$3 = 0x7fffffffe48e "foo"
(gdb) print argv[2]
$4 = 0x7fffffffe492 "bar"
(gdb) print argv[3]
$5 = 0x0
(gdb) pri[K[Krint arg[4]
No symbol "arg" in current context.
(gdb) print argv[5]
$6 = 0x7fffffffe4c7 "ORBIT_SOCKETDIR=/tmp/orbit-kcai2"
(gdb) print argv[6]
$7 = 0x7fffffffe4e8 "HOSTNAME=be-linux23.lt.ucsc.edu"
(gdb) exit
Undefined command: "exit".  Try "help".
(gdb) quit
A debugging session is active.

	Inferior 1 [process 15542] will be killed.

Quit anyway? (y or n) y
bash-4.1$ exit
exit

Script done on Tue 10 Feb 2015 03:16:12 PM PST
@
